*** EVALUATION ***
PROGRAM "D:\sm\trunk\DDJ\bin\Project.abs"

*********************************************************************************************
TARGET SECTION
---------------------------------------------------------------------------------------------
Processor   : Freescale HC12
Memory Model: BANKED
File Format : ELF\DWARF 2.0
Linker      : SmartLinker V-5.0.40 Build 10203, Jul 23 2010

*********************************************************************************************
FILE SECTION
---------------------------------------------------------------------------------------------
MC9S12XS128.c.o                         Model: BANKED,        Lang: ANSI-C
main.c.o                                Model: BANKED,        Lang: ANSI-C
Start12.c.o                             Model: BANKED,        Lang: ANSI-C
CTYPE.C.o (ansixb.lib)                  Model: BANKED,        Lang: ANSI-C
PRINTF.C.o (ansixb.lib)                 Model: BANKED,        Lang: ANSI-C
STDLIB.C.o (ansixb.lib)                 Model: BANKED,        Lang: ANSI-C
STRING.C.o (ansixb.lib)                 Model: BANKED,        Lang: ANSI-C
FADD.C.o (ansixb.lib)                   Model: BANKED,        Lang: ANSI-C
FANSI.C.o (ansixb.lib)                  Model: BANKED,        Lang: ANSI-C
FCMP.C.o (ansixb.lib)                   Model: BANKED,        Lang: ANSI-C
FCONV.C.o (ansixb.lib)                  Model: BANKED,        Lang: ANSI-C
FMUL.C.o (ansixb.lib)                   Model: BANKED,        Lang: ANSI-C
FREGS.C.o (ansixb.lib)                  Model: BANKED,        Lang: ANSI-C
rtshc12.c.o (ansixb.lib)                Model: BANKED,        Lang: ANSI-C
VREGS.C.o (ansixb.lib)                  Model: BANKED,        Lang: ANSI-C

*********************************************************************************************
STARTUP SECTION
---------------------------------------------------------------------------------------------
Entry point: 0xC000 (_Startup)
_startupData is allocated at 0xC00F and uses 6 Bytes
extern struct _tagStartup {
  unsigned nofZeroOut     1
  _Range   pZeroOut       0x2100     462
  _Copy    *toCopyDownBeg 0xC6C1
} _startupData;

*********************************************************************************************
SECTION-ALLOCATION SECTION
Section Name                    Size  Type     From       To       Segment
---------------------------------------------------------------------------------------------
.init                             15     R     0xC000     0xC00E   ROM_C000
.startData                        10     R     0xC00F     0xC018   ROM_C000
.rodata                          212     R     0xC019     0xC0EC   ROM_C000
.rodata1                         153     R     0xC0ED     0xC185   ROM_C000
NON_BANKED                      1339     R     0xC186     0xC6C0   ROM_C000
.copy                            119     R     0xC6C1     0xC737   ROM_C000
.text                           9053     R   0xFE8000   0xFEA35C   PAGE_FE
.stack                           256   R/W     0x2000     0x20FF   RAM
.data                            113   R/W     0x2100     0x2170   RAM
.abs_section_8                     1   N/I        0x8        0x8   .absSeg0
.abs_section_9                     1   N/I        0x9        0x9   .absSeg1
.abs_section_b                     1   N/I        0xB        0xB   .absSeg2
.abs_section_c                     1   N/I        0xC        0xC   .absSeg3
.abs_section_d                     1   N/I        0xD        0xD   .absSeg4
.abs_section_10                    1   N/I       0x10       0x10   .absSeg5
.abs_section_11                    1   N/I       0x11       0x11   .absSeg6
.abs_section_13                    1   N/I       0x13       0x13   .absSeg7
.abs_section_15                    1   N/I       0x15       0x15   .absSeg8
.abs_section_16                    1   N/I       0x16       0x16   .absSeg9
.abs_section_17                    1   N/I       0x17       0x17   .absSeg10
.abs_section_1c                    1   N/I       0x1C       0x1C   .absSeg11
.abs_section_1e                    1   N/I       0x1E       0x1E   .absSeg12
.abs_section_20                    1   N/I       0x20       0x20   .absSeg13
.abs_section_21                    1   N/I       0x21       0x21   .absSeg14
.abs_section_22                    1   N/I       0x22       0x22   .absSeg15
.abs_section_23                    1   N/I       0x23       0x23   .absSeg16
.abs_section_26                    1   N/I       0x26       0x26   .absSeg17
.abs_section_27                    1   N/I       0x27       0x27   .absSeg18
.abs_section_28                    1   N/I       0x28       0x28   .absSeg19
.abs_section_29                    1   N/I       0x29       0x29   .absSeg20
.abs_section_2a                    1   N/I       0x2A       0x2A   .absSeg21
.abs_section_2b                    1   N/I       0x2B       0x2B   .absSeg22
.abs_section_2c                    1   N/I       0x2C       0x2C   .absSeg23
.abs_section_2d                    1   N/I       0x2D       0x2D   .absSeg24
.abs_section_2e                    1   N/I       0x2E       0x2E   .absSeg25
.abs_section_2f                    1   N/I       0x2F       0x2F   .absSeg26
.abs_section_32                    1   N/I       0x32       0x32   .absSeg27
.abs_section_33                    1   N/I       0x33       0x33   .absSeg28
.abs_section_34                    1   N/I       0x34       0x34   .absSeg29
.abs_section_35                    1   N/I       0x35       0x35   .absSeg30
.abs_section_36                    1   N/I       0x36       0x36   .absSeg31
.abs_section_37                    1   N/I       0x37       0x37   .absSeg32
.abs_section_38                    1   N/I       0x38       0x38   .absSeg33
.abs_section_39                    1   N/I       0x39       0x39   .absSeg34
.abs_section_3a                    1   N/I       0x3A       0x3A   .absSeg35
.abs_section_3b                    1   N/I       0x3B       0x3B   .absSeg36
.abs_section_3c                    1   N/I       0x3C       0x3C   .absSeg37
.abs_section_3f                    1   N/I       0x3F       0x3F   .absSeg38
.abs_section_40                    1   N/I       0x40       0x40   .absSeg39
.abs_section_41                    1   N/I       0x41       0x41   .absSeg40
.abs_section_42                    1   N/I       0x42       0x42   .absSeg41
.abs_section_43                    1   N/I       0x43       0x43   .absSeg42
.abs_section_46                    1   N/I       0x46       0x46   .absSeg43
.abs_section_47                    1   N/I       0x47       0x47   .absSeg44
.abs_section_48                    1   N/I       0x48       0x48   .absSeg45
.abs_section_49                    1   N/I       0x49       0x49   .absSeg46
.abs_section_4a                    1   N/I       0x4A       0x4A   .absSeg47
.abs_section_4b                    1   N/I       0x4B       0x4B   .absSeg48
.abs_section_4c                    1   N/I       0x4C       0x4C   .absSeg49
.abs_section_4d                    1   N/I       0x4D       0x4D   .absSeg50
.abs_section_4e                    1   N/I       0x4E       0x4E   .absSeg51
.abs_section_4f                    1   N/I       0x4F       0x4F   .absSeg52
.abs_section_60                    1   N/I       0x60       0x60   .absSeg53
.abs_section_61                    1   N/I       0x61       0x61   .absSeg54
.abs_section_6c                    1   N/I       0x6C       0x6C   .absSeg55
.abs_section_6e                    1   N/I       0x6E       0x6E   .absSeg56
.abs_section_ca                    1   N/I       0xCA       0xCA   .absSeg57
.abs_section_cb                    1   N/I       0xCB       0xCB   .absSeg58
.abs_section_cc                    1   N/I       0xCC       0xCC   .absSeg59
.abs_section_cd                    1   N/I       0xCD       0xCD   .absSeg60
.abs_section_ce                    1   N/I       0xCE       0xCE   .absSeg61
.abs_section_cf                    1   N/I       0xCF       0xCF   .absSeg62
.abs_section_d2                    1   N/I       0xD2       0xD2   .absSeg63
.abs_section_d3                    1   N/I       0xD3       0xD3   .absSeg64
.abs_section_d4                    1   N/I       0xD4       0xD4   .absSeg65
.abs_section_d5                    1   N/I       0xD5       0xD5   .absSeg66
.abs_section_d6                    1   N/I       0xD6       0xD6   .absSeg67
.abs_section_d7                    1   N/I       0xD7       0xD7   .absSeg68
.abs_section_d8                    1   N/I       0xD8       0xD8   .absSeg69
.abs_section_d9                    1   N/I       0xD9       0xD9   .absSeg70
.abs_section_da                    1   N/I       0xDA       0xDA   .absSeg71
.abs_section_db                    1   N/I       0xDB       0xDB   .absSeg72
.abs_section_100                   1   N/I      0x100      0x100   .absSeg73
.abs_section_101                   1   N/I      0x101      0x101   .absSeg74
.abs_section_102                   1   N/I      0x102      0x102   .absSeg75
.abs_section_103                   1   N/I      0x103      0x103   .absSeg76
.abs_section_104                   1   N/I      0x104      0x104   .absSeg77
.abs_section_105                   1   N/I      0x105      0x105   .absSeg78
.abs_section_106                   1   N/I      0x106      0x106   .absSeg79
.abs_section_107                   1   N/I      0x107      0x107   .absSeg80
.abs_section_108                   1   N/I      0x108      0x108   .absSeg81
.abs_section_109                   1   N/I      0x109      0x109   .absSeg82
.abs_section_110                   1   N/I      0x110      0x110   .absSeg83
.abs_section_121                   1   N/I      0x121      0x121   .absSeg84
.abs_section_126                   1   N/I      0x126      0x126   .absSeg85
.abs_section_127                   1   N/I      0x127      0x127   .absSeg86
.abs_section_128                   1   N/I      0x128      0x128   .absSeg87
.abs_section_129                   1   N/I      0x129      0x129   .absSeg88
.abs_section_12a                   1   N/I      0x12A      0x12A   .absSeg89
.abs_section_12b                   1   N/I      0x12B      0x12B   .absSeg90
.abs_section_12c                   1   N/I      0x12C      0x12C   .absSeg91
.abs_section_12d                   1   N/I      0x12D      0x12D   .absSeg92
.abs_section_12e                   1   N/I      0x12E      0x12E   .absSeg93
.abs_section_12f                   1   N/I      0x12F      0x12F   .absSeg94
.abs_section_140                   1   N/I      0x140      0x140   .absSeg95
.abs_section_141                   1   N/I      0x141      0x141   .absSeg96
.abs_section_142                   1   N/I      0x142      0x142   .absSeg97
.abs_section_143                   1   N/I      0x143      0x143   .absSeg98
.abs_section_144                   1   N/I      0x144      0x144   .absSeg99
.abs_section_145                   1   N/I      0x145      0x145   .absSeg100
.abs_section_146                   1   N/I      0x146      0x146   .absSeg101
.abs_section_147                   1   N/I      0x147      0x147   .absSeg102
.abs_section_148                   1   N/I      0x148      0x148   .absSeg103
.abs_section_149                   1   N/I      0x149      0x149   .absSeg104
.abs_section_14a                   1   N/I      0x14A      0x14A   .absSeg105
.abs_section_14b                   1   N/I      0x14B      0x14B   .absSeg106
.abs_section_14d                   1   N/I      0x14D      0x14D   .absSeg107
.abs_section_14e                   1   N/I      0x14E      0x14E   .absSeg108
.abs_section_14f                   1   N/I      0x14F      0x14F   .absSeg109
.abs_section_150                   1   N/I      0x150      0x150   .absSeg110
.abs_section_151                   1   N/I      0x151      0x151   .absSeg111
.abs_section_152                   1   N/I      0x152      0x152   .absSeg112
.abs_section_153                   1   N/I      0x153      0x153   .absSeg113
.abs_section_154                   1   N/I      0x154      0x154   .absSeg114
.abs_section_155                   1   N/I      0x155      0x155   .absSeg115
.abs_section_156                   1   N/I      0x156      0x156   .absSeg116
.abs_section_157                   1   N/I      0x157      0x157   .absSeg117
.abs_section_158                   1   N/I      0x158      0x158   .absSeg118
.abs_section_159                   1   N/I      0x159      0x159   .absSeg119
.abs_section_15a                   1   N/I      0x15A      0x15A   .absSeg120
.abs_section_15b                   1   N/I      0x15B      0x15B   .absSeg121
.abs_section_15c                   1   N/I      0x15C      0x15C   .absSeg122
.abs_section_15d                   1   N/I      0x15D      0x15D   .absSeg123
.abs_section_15e                   1   N/I      0x15E      0x15E   .absSeg124
.abs_section_15f                   1   N/I      0x15F      0x15F   .absSeg125
.abs_section_160                   1   N/I      0x160      0x160   .absSeg126
.abs_section_161                   1   N/I      0x161      0x161   .absSeg127
.abs_section_162                   1   N/I      0x162      0x162   .absSeg128
.abs_section_163                   1   N/I      0x163      0x163   .absSeg129
.abs_section_164                   1   N/I      0x164      0x164   .absSeg130
.abs_section_165                   1   N/I      0x165      0x165   .absSeg131
.abs_section_166                   1   N/I      0x166      0x166   .absSeg132
.abs_section_167                   1   N/I      0x167      0x167   .absSeg133
.abs_section_168                   1   N/I      0x168      0x168   .absSeg134
.abs_section_169                   1   N/I      0x169      0x169   .absSeg135
.abs_section_16a                   1   N/I      0x16A      0x16A   .absSeg136
.abs_section_16b                   1   N/I      0x16B      0x16B   .absSeg137
.abs_section_16c                   1   N/I      0x16C      0x16C   .absSeg138
.abs_section_170                   1   N/I      0x170      0x170   .absSeg139
.abs_section_171                   1   N/I      0x171      0x171   .absSeg140
.abs_section_172                   1   N/I      0x172      0x172   .absSeg141
.abs_section_173                   1   N/I      0x173      0x173   .absSeg142
.abs_section_174                   1   N/I      0x174      0x174   .absSeg143
.abs_section_175                   1   N/I      0x175      0x175   .absSeg144
.abs_section_176                   1   N/I      0x176      0x176   .absSeg145
.abs_section_177                   1   N/I      0x177      0x177   .absSeg146
.abs_section_178                   1   N/I      0x178      0x178   .absSeg147
.abs_section_179                   1   N/I      0x179      0x179   .absSeg148
.abs_section_17a                   1   N/I      0x17A      0x17A   .absSeg149
.abs_section_17b                   1   N/I      0x17B      0x17B   .absSeg150
.abs_section_17c                   1   N/I      0x17C      0x17C   .absSeg151
.abs_section_17d                   1   N/I      0x17D      0x17D   .absSeg152
.abs_section_240                   1   N/I      0x240      0x240   .absSeg153
.abs_section_241                   1   N/I      0x241      0x241   .absSeg154
.abs_section_242                   1   N/I      0x242      0x242   .absSeg155
.abs_section_243                   1   N/I      0x243      0x243   .absSeg156
.abs_section_244                   1   N/I      0x244      0x244   .absSeg157
.abs_section_245                   1   N/I      0x245      0x245   .absSeg158
.abs_section_247                   1   N/I      0x247      0x247   .absSeg159
.abs_section_248                   1   N/I      0x248      0x248   .absSeg160
.abs_section_249                   1   N/I      0x249      0x249   .absSeg161
.abs_section_24a                   1   N/I      0x24A      0x24A   .absSeg162
.abs_section_24b                   1   N/I      0x24B      0x24B   .absSeg163
.abs_section_24c                   1   N/I      0x24C      0x24C   .absSeg164
.abs_section_24d                   1   N/I      0x24D      0x24D   .absSeg165
.abs_section_24e                   1   N/I      0x24E      0x24E   .absSeg166
.abs_section_250                   1   N/I      0x250      0x250   .absSeg167
.abs_section_251                   1   N/I      0x251      0x251   .absSeg168
.abs_section_252                   1   N/I      0x252      0x252   .absSeg169
.abs_section_253                   1   N/I      0x253      0x253   .absSeg170
.abs_section_254                   1   N/I      0x254      0x254   .absSeg171
.abs_section_255                   1   N/I      0x255      0x255   .absSeg172
.abs_section_256                   1   N/I      0x256      0x256   .absSeg173
.abs_section_257                   1   N/I      0x257      0x257   .absSeg174
.abs_section_258                   1   N/I      0x258      0x258   .absSeg175
.abs_section_259                   1   N/I      0x259      0x259   .absSeg176
.abs_section_25a                   1   N/I      0x25A      0x25A   .absSeg177
.abs_section_25b                   1   N/I      0x25B      0x25B   .absSeg178
.abs_section_25c                   1   N/I      0x25C      0x25C   .absSeg179
.abs_section_25d                   1   N/I      0x25D      0x25D   .absSeg180
.abs_section_25e                   1   N/I      0x25E      0x25E   .absSeg181
.abs_section_25f                   1   N/I      0x25F      0x25F   .absSeg182
.abs_section_260                   1   N/I      0x260      0x260   .absSeg183
.abs_section_261                   1   N/I      0x261      0x261   .absSeg184
.abs_section_262                   1   N/I      0x262      0x262   .absSeg185
.abs_section_263                   1   N/I      0x263      0x263   .absSeg186
.abs_section_264                   1   N/I      0x264      0x264   .absSeg187
.abs_section_265                   1   N/I      0x265      0x265   .absSeg188
.abs_section_266                   1   N/I      0x266      0x266   .absSeg189
.abs_section_267                   1   N/I      0x267      0x267   .absSeg190
.abs_section_268                   1   N/I      0x268      0x268   .absSeg191
.abs_section_269                   1   N/I      0x269      0x269   .absSeg192
.abs_section_26a                   1   N/I      0x26A      0x26A   .absSeg193
.abs_section_26b                   1   N/I      0x26B      0x26B   .absSeg194
.abs_section_26c                   1   N/I      0x26C      0x26C   .absSeg195
.abs_section_26d                   1   N/I      0x26D      0x26D   .absSeg196
.abs_section_26e                   1   N/I      0x26E      0x26E   .absSeg197
.abs_section_26f                   1   N/I      0x26F      0x26F   .absSeg198
.abs_section_2c6                   1   N/I      0x2C6      0x2C6   .absSeg199
.abs_section_2f0                   1   N/I      0x2F0      0x2F0   .absSeg200
.abs_section_2f1                   1   N/I      0x2F1      0x2F1   .absSeg201
.abs_section_2f2                   1   N/I      0x2F2      0x2F2   .absSeg202
.abs_section_2f3                   1   N/I      0x2F3      0x2F3   .absSeg203
.abs_section_2f7                   1   N/I      0x2F7      0x2F7   .absSeg204
.abs_section_300                   1   N/I      0x300      0x300   .absSeg205
.abs_section_301                   1   N/I      0x301      0x301   .absSeg206
.abs_section_302                   1   N/I      0x302      0x302   .absSeg207
.abs_section_303                   1   N/I      0x303      0x303   .absSeg208
.abs_section_304                   1   N/I      0x304      0x304   .absSeg209
.abs_section_305                   1   N/I      0x305      0x305   .absSeg210
.abs_section_308                   1   N/I      0x308      0x308   .absSeg211
.abs_section_309                   1   N/I      0x309      0x309   .absSeg212
.abs_section_324                   1   N/I      0x324      0x324   .absSeg213
.abs_section_340                   1   N/I      0x340      0x340   .absSeg214
.abs_section_341                   1   N/I      0x341      0x341   .absSeg215
.abs_section_342                   1   N/I      0x342      0x342   .absSeg216
.abs_section_343                   1   N/I      0x343      0x343   .absSeg217
.abs_section_344                   1   N/I      0x344      0x344   .absSeg218
.abs_section_345                   1   N/I      0x345      0x345   .absSeg219
.abs_section_346                   1   N/I      0x346      0x346   .absSeg220
.abs_section_347                   1   N/I      0x347      0x347   .absSeg221
.abs_section_0                     2   N/I        0x0        0x1   .absSeg222
.abs_section_2                     2   N/I        0x2        0x3   .absSeg223
.abs_section_1a                    2   N/I       0x1A       0x1B   .absSeg224
.abs_section_24                    2   N/I       0x24       0x25   .absSeg225
.abs_section_44                    2   N/I       0x44       0x45   .absSeg226
.abs_section_50                    2   N/I       0x50       0x51   .absSeg227
.abs_section_52                    2   N/I       0x52       0x53   .absSeg228
.abs_section_54                    2   N/I       0x54       0x55   .absSeg229
.abs_section_56                    2   N/I       0x56       0x57   .absSeg230
.abs_section_58                    2   N/I       0x58       0x59   .absSeg231
.abs_section_5a                    2   N/I       0x5A       0x5B   .absSeg232
.abs_section_5c                    2   N/I       0x5C       0x5D   .absSeg233
.abs_section_5e                    2   N/I       0x5E       0x5F   .absSeg234
.abs_section_62                    2   N/I       0x62       0x63   .absSeg235
.abs_section_c8                    2   N/I       0xC8       0xC9   .absSeg236
.abs_section_d0                    2   N/I       0xD0       0xD1   .absSeg237
.abs_section_dc                    2   N/I       0xDC       0xDD   .absSeg238
.abs_section_10a                   2   N/I      0x10A      0x10B   .absSeg239
.abs_section_10e                   2   N/I      0x10E      0x10F   .absSeg240
.abs_section_16e                   2   N/I      0x16E      0x16F   .absSeg241
.abs_section_17e                   2   N/I      0x17E      0x17F   .absSeg242
.abs_section_270                   2   N/I      0x270      0x271   .absSeg243
.abs_section_272                   2   N/I      0x272      0x273   .absSeg244
.abs_section_274                   2   N/I      0x274      0x275   .absSeg245
.abs_section_276                   2   N/I      0x276      0x277   .absSeg246
.abs_section_2c0                   2   N/I      0x2C0      0x2C1   .absSeg247
.abs_section_2c2                   2   N/I      0x2C2      0x2C3   .absSeg248
.abs_section_2c4                   2   N/I      0x2C4      0x2C5   .absSeg249
.abs_section_2c8                   2   N/I      0x2C8      0x2C9   .absSeg250
.abs_section_2ca                   2   N/I      0x2CA      0x2CB   .absSeg251
.abs_section_2cc                   2   N/I      0x2CC      0x2CD   .absSeg252
.abs_section_2ce                   2   N/I      0x2CE      0x2CF   .absSeg253
.abs_section_2d0                   2   N/I      0x2D0      0x2D1   .absSeg254
.abs_section_2d2                   2   N/I      0x2D2      0x2D3   .absSeg255
.abs_section_2d4                   2   N/I      0x2D4      0x2D5   .absSeg256
.abs_section_2d6                   2   N/I      0x2D6      0x2D7   .absSeg257
.abs_section_2d8                   2   N/I      0x2D8      0x2D9   .absSeg258
.abs_section_2da                   2   N/I      0x2DA      0x2DB   .absSeg259
.abs_section_2dc                   2   N/I      0x2DC      0x2DD   .absSeg260
.abs_section_2de                   2   N/I      0x2DE      0x2DF   .absSeg261
.abs_section_2e0                   2   N/I      0x2E0      0x2E1   .absSeg262
.abs_section_2e2                   2   N/I      0x2E2      0x2E3   .absSeg263
.abs_section_2e4                   2   N/I      0x2E4      0x2E5   .absSeg264
.abs_section_2e6                   2   N/I      0x2E6      0x2E7   .absSeg265
.abs_section_2e8                   2   N/I      0x2E8      0x2E9   .absSeg266
.abs_section_2ea                   2   N/I      0x2EA      0x2EB   .absSeg267
.abs_section_2ec                   2   N/I      0x2EC      0x2ED   .absSeg268
.abs_section_2ee                   2   N/I      0x2EE      0x2EF   .absSeg269
.abs_section_2f4                   2   N/I      0x2F4      0x2F5   .absSeg270
.abs_section_30c                   2   N/I      0x30C      0x30D   .absSeg271
.abs_section_30e                   2   N/I      0x30E      0x30F   .absSeg272
.abs_section_310                   2   N/I      0x310      0x311   .absSeg273
.abs_section_312                   2   N/I      0x312      0x313   .absSeg274
.abs_section_314                   2   N/I      0x314      0x315   .absSeg275
.abs_section_316                   2   N/I      0x316      0x317   .absSeg276
.abs_section_318                   2   N/I      0x318      0x319   .absSeg277
.abs_section_31a                   2   N/I      0x31A      0x31B   .absSeg278
.abs_section_31c                   2   N/I      0x31C      0x31D   .absSeg279
.abs_section_31e                   2   N/I      0x31E      0x31F   .absSeg280
.abs_section_320                   2   N/I      0x320      0x321   .absSeg281
.abs_section_322                   2   N/I      0x322      0x323   .absSeg282
.abs_section_348                   2   N/I      0x348      0x349   .absSeg283
.abs_section_34a                   2   N/I      0x34A      0x34B   .absSeg284
.abs_section_34c                   2   N/I      0x34C      0x34D   .absSeg285
.abs_section_34e                   2   N/I      0x34E      0x34F   .absSeg286
.abs_section_350                   2   N/I      0x350      0x351   .absSeg287
.abs_section_352                   2   N/I      0x352      0x353   .absSeg288
.abs_section_354                   2   N/I      0x354      0x355   .absSeg289
.abs_section_356                   2   N/I      0x356      0x357   .absSeg290
.abs_section_ffd6                  2     R     0xFFD6     0xFFD7   .absSeg291
.abs_section_ff7a                  2     R     0xFF7A     0xFF7B   .absSeg292
.abs_section_ff78                  2     R     0xFF78     0xFF79   .absSeg293
.bss                              38   R/W     0x2171     0x2196   RAM
.common                          311   R/W     0x2197     0x22CD   RAM
.vectSeg294_vect                   2     R     0xFFFE     0xFFFF   .vectSeg294

Summary of section sizes per section type:
READ_ONLY (R):        2A9D (dec:    10909)
READ_WRITE (R/W):      2CE (dec:      718)
NO_INIT (N/I):         168 (dec:      360)

*********************************************************************************************
VECTOR-ALLOCATION SECTION
    Address     InitValue   InitFunction
---------------------------------------------------------------------------------------------
     0xFFFE        0xC000   _Startup

*********************************************************************************************
OBJECT-ALLOCATION SECTION
     Name               Module                 Addr   hSize   dSize     Ref    Section   RLIB
---------------------------------------------------------------------------------------------
MODULE:                 -- MC9S12XS128.c.o --
- PROCEDURES:
- VARIABLES:
     _PORTE                                       8       1       1       0   .abs_section_8
     _DDRE                                        9       1       1       0   .abs_section_9
     _MODE                                        B       1       1       0   .abs_section_b
     _PUCR                                        C       1       1       0   .abs_section_c
     _RDRIV                                       D       1       1       0   .abs_section_d
     _GPAGE                                      10       1       1       0   .abs_section_10
     _DIRECT                                     11       1       1       0   .abs_section_11
     _MMCCTL1                                    13       1       1       0   .abs_section_13
     _PPAGE                                      15       1       1       0   .abs_section_15
     _RPAGE                                      16       1       1       0   .abs_section_16
     _EPAGE                                      17       1       1       0   .abs_section_17
     _ECLKCTL                                    1C       1       1       0   .abs_section_1c
     _IRQCR                                      1E       1       1       0   .abs_section_1e
     _DBGC1                                      20       1       1       0   .abs_section_20
     _DBGSR                                      21       1       1       0   .abs_section_21
     _DBGTCR                                     22       1       1       0   .abs_section_22
     _DBGC2                                      23       1       1       0   .abs_section_23
     _DBGCNT                                     26       1       1       0   .abs_section_26
     _DBGSCRX                                    27       1       1       0   .abs_section_27
     _DBGXCTL                                    28       1       1       0   .abs_section_28
     _DBGXAH                                     29       1       1       0   .abs_section_29
     _DBGXAM                                     2A       1       1       0   .abs_section_2a
     _DBGXAL                                     2B       1       1       0   .abs_section_2b
     _DBGXDH                                     2C       1       1       0   .abs_section_2c
     _DBGXDL                                     2D       1       1       0   .abs_section_2d
     _DBGXDHM                                    2E       1       1       0   .abs_section_2e
     _DBGXDLM                                    2F       1       1       0   .abs_section_2f
     _PORTK                                      32       1       1       0   .abs_section_32
     _DDRK                                       33       1       1       0   .abs_section_33
     _SYNR                                       34       1       1       1   .abs_section_34
     _REFDV                                      35       1       1       1   .abs_section_35
     _POSTDIV                                    36       1       1       1   .abs_section_36
     _CRGFLG                                     37       1       1       1   .abs_section_37
     _CRGINT                                     38       1       1       0   .abs_section_38
     _CLKSEL                                     39       1       1       2   .abs_section_39
     _PLLCTL                                     3A       1       1       1   .abs_section_3a
     _RTICTL                                     3B       1       1       0   .abs_section_3b
     _COPCTL                                     3C       1       1       0   .abs_section_3c
     _ARMCOP                                     3F       1       1       0   .abs_section_3f
     _TIOS                                       40       1       1       0   .abs_section_40
     _CFORC                                      41       1       1       0   .abs_section_41
     _OC7M                                       42       1       1       0   .abs_section_42
     _OC7D                                       43       1       1       0   .abs_section_43
     _TSCR1                                      46       1       1       1   .abs_section_46
     _TTOV                                       47       1       1       0   .abs_section_47
     _TCTL1                                      48       1       1       0   .abs_section_48
     _TCTL2                                      49       1       1       0   .abs_section_49
     _TCTL3                                      4A       1       1       0   .abs_section_4a
     _TCTL4                                      4B       1       1       0   .abs_section_4b
     _TIE                                        4C       1       1       0   .abs_section_4c
     _TSCR2                                      4D       1       1       0   .abs_section_4d
     _TFLG1                                      4E       1       1       0   .abs_section_4e
     _TFLG2                                      4F       1       1       0   .abs_section_4f
     _PACTL                                      60       1       1       1   .abs_section_60
     _PAFLG                                      61       1       1       0   .abs_section_61
     _OCPD                                       6C       1       1       0   .abs_section_6c
     _PTPSR                                      6E       1       1       0   .abs_section_6e
     _SCI0ACR2                                   CA       1       1       1   .abs_section_ca
     _SCI0CR2                                    CB       1       1       1   .abs_section_cb
     _SCI0SR1                                    CC       1       1       5   .abs_section_cc
     _SCI0SR2                                    CD       1       1       0   .abs_section_cd
     _SCI0DRH                                    CE       1       1       1   .abs_section_ce
     _SCI0DRL                                    CF       1       1       3   .abs_section_cf
     _SCI1ACR2                                   D2       1       1       0   .abs_section_d2
     _SCI1CR2                                    D3       1       1       0   .abs_section_d3
     _SCI1SR1                                    D4       1       1       0   .abs_section_d4
     _SCI1SR2                                    D5       1       1       0   .abs_section_d5
     _SCI1DRH                                    D6       1       1       0   .abs_section_d6
     _SCI1DRL                                    D7       1       1       0   .abs_section_d7
     _SPI0CR1                                    D8       1       1       0   .abs_section_d8
     _SPI0CR2                                    D9       1       1       0   .abs_section_d9
     _SPI0BR                                     DA       1       1       0   .abs_section_da
     _SPI0SR                                     DB       1       1       0   .abs_section_db
     _FCLKDIV                                   100       1       1       0   .abs_section_100
     _FSEC                                      101       1       1       0   .abs_section_101
     _FCCOBIX                                   102       1       1       0   .abs_section_102
     _FECCRIX                                   103       1       1       0   .abs_section_103
     _FCNFG                                     104       1       1       0   .abs_section_104
     _FERCNFG                                   105       1       1       0   .abs_section_105
     _FSTAT                                     106       1       1       0   .abs_section_106
     _FERSTAT                                   107       1       1       0   .abs_section_107
     _FPROT                                     108       1       1       0   .abs_section_108
     _DFPROT                                    109       1       1       0   .abs_section_109
     _FOPT                                      110       1       1       0   .abs_section_110
     _IVBR                                      121       1       1       0   .abs_section_121
     _INT_XGPRIO                                126       1       1       0   .abs_section_126
     _INT_CFADDR                                127       1       1       0   .abs_section_127
     _INT_CFDATA0                               128       1       1       0   .abs_section_128
     _INT_CFDATA1                               129       1       1       0   .abs_section_129
     _INT_CFDATA2                               12A       1       1       0   .abs_section_12a
     _INT_CFDATA3                               12B       1       1       0   .abs_section_12b
     _INT_CFDATA4                               12C       1       1       0   .abs_section_12c
     _INT_CFDATA5                               12D       1       1       0   .abs_section_12d
     _INT_CFDATA6                               12E       1       1       0   .abs_section_12e
     _INT_CFDATA7                               12F       1       1       0   .abs_section_12f
     _CAN0CTL0                                  140       1       1       0   .abs_section_140
     _CAN0CTL1                                  141       1       1       0   .abs_section_141
     _CAN0BTR0                                  142       1       1       0   .abs_section_142
     _CAN0BTR1                                  143       1       1       0   .abs_section_143
     _CAN0RFLG                                  144       1       1       0   .abs_section_144
     _CAN0RIER                                  145       1       1       0   .abs_section_145
     _CAN0TFLG                                  146       1       1       0   .abs_section_146
     _CAN0TIER                                  147       1       1       0   .abs_section_147
     _CAN0TARQ                                  148       1       1       0   .abs_section_148
     _CAN0TAAK                                  149       1       1       0   .abs_section_149
     _CAN0TBSEL                                 14A       1       1       0   .abs_section_14a
     _CAN0IDAC                                  14B       1       1       0   .abs_section_14b
     _CAN0MISC                                  14D       1       1       0   .abs_section_14d
     _CAN0RXERR                                 14E       1       1       0   .abs_section_14e
     _CAN0TXERR                                 14F       1       1       0   .abs_section_14f
     _CAN0IDAR0                                 150       1       1       0   .abs_section_150
     _CAN0IDAR1                                 151       1       1       0   .abs_section_151
     _CAN0IDAR2                                 152       1       1       0   .abs_section_152
     _CAN0IDAR3                                 153       1       1       0   .abs_section_153
     _CAN0IDMR0                                 154       1       1       0   .abs_section_154
     _CAN0IDMR1                                 155       1       1       0   .abs_section_155
     _CAN0IDMR2                                 156       1       1       0   .abs_section_156
     _CAN0IDMR3                                 157       1       1       0   .abs_section_157
     _CAN0IDAR4                                 158       1       1       0   .abs_section_158
     _CAN0IDAR5                                 159       1       1       0   .abs_section_159
     _CAN0IDAR6                                 15A       1       1       0   .abs_section_15a
     _CAN0IDAR7                                 15B       1       1       0   .abs_section_15b
     _CAN0IDMR4                                 15C       1       1       0   .abs_section_15c
     _CAN0IDMR5                                 15D       1       1       0   .abs_section_15d
     _CAN0IDMR6                                 15E       1       1       0   .abs_section_15e
     _CAN0IDMR7                                 15F       1       1       0   .abs_section_15f
     _CAN0RXIDR0                                160       1       1       0   .abs_section_160
     _CAN0RXIDR1                                161       1       1       0   .abs_section_161
     _CAN0RXIDR2                                162       1       1       0   .abs_section_162
     _CAN0RXIDR3                                163       1       1       0   .abs_section_163
     _CAN0RXDSR0                                164       1       1       0   .abs_section_164
     _CAN0RXDSR1                                165       1       1       0   .abs_section_165
     _CAN0RXDSR2                                166       1       1       0   .abs_section_166
     _CAN0RXDSR3                                167       1       1       0   .abs_section_167
     _CAN0RXDSR4                                168       1       1       0   .abs_section_168
     _CAN0RXDSR5                                169       1       1       0   .abs_section_169
     _CAN0RXDSR6                                16A       1       1       0   .abs_section_16a
     _CAN0RXDSR7                                16B       1       1       0   .abs_section_16b
     _CAN0RXDLR                                 16C       1       1       0   .abs_section_16c
     _CAN0TXIDR0                                170       1       1       0   .abs_section_170
     _CAN0TXIDR1                                171       1       1       0   .abs_section_171
     _CAN0TXIDR2                                172       1       1       0   .abs_section_172
     _CAN0TXIDR3                                173       1       1       0   .abs_section_173
     _CAN0TXDSR0                                174       1       1       0   .abs_section_174
     _CAN0TXDSR1                                175       1       1       0   .abs_section_175
     _CAN0TXDSR2                                176       1       1       0   .abs_section_176
     _CAN0TXDSR3                                177       1       1       0   .abs_section_177
     _CAN0TXDSR4                                178       1       1       0   .abs_section_178
     _CAN0TXDSR5                                179       1       1       0   .abs_section_179
     _CAN0TXDSR6                                17A       1       1       0   .abs_section_17a
     _CAN0TXDSR7                                17B       1       1       0   .abs_section_17b
     _CAN0TXDLR                                 17C       1       1       0   .abs_section_17c
     _CAN0TXTBPR                                17D       1       1       0   .abs_section_17d
     _PTT                                       240       1       1       0   .abs_section_240
     _PTIT                                      241       1       1       0   .abs_section_241
     _DDRT                                      242       1       1       0   .abs_section_242
     _RDRT                                      243       1       1       0   .abs_section_243
     _PERT                                      244       1       1       0   .abs_section_244
     _PPST                                      245       1       1       0   .abs_section_245
     _PTTRR                                     247       1       1       0   .abs_section_247
     _PTS                                       248       1       1       0   .abs_section_248
     _PTIS                                      249       1       1       0   .abs_section_249
     _DDRS                                      24A       1       1       0   .abs_section_24a
     _RDRS                                      24B       1       1       0   .abs_section_24b
     _PERS                                      24C       1       1       0   .abs_section_24c
     _PPSS                                      24D       1       1       0   .abs_section_24d
     _WOMS                                      24E       1       1       0   .abs_section_24e
     _PTM                                       250       1       1       0   .abs_section_250
     _PTIM                                      251       1       1       0   .abs_section_251
     _DDRM                                      252       1       1       0   .abs_section_252
     _RDRM                                      253       1       1       0   .abs_section_253
     _PERM                                      254       1       1       0   .abs_section_254
     _PPSM                                      255       1       1       0   .abs_section_255
     _WOMM                                      256       1       1       0   .abs_section_256
     _MODRR                                     257       1       1       0   .abs_section_257
     _PTP                                       258       1       1       0   .abs_section_258
     _PTIP                                      259       1       1       0   .abs_section_259
     _DDRP                                      25A       1       1       0   .abs_section_25a
     _RDRP                                      25B       1       1       0   .abs_section_25b
     _PERP                                      25C       1       1       0   .abs_section_25c
     _PPSP                                      25D       1       1       0   .abs_section_25d
     _PIEP                                      25E       1       1       0   .abs_section_25e
     _PIFP                                      25F       1       1       0   .abs_section_25f
     _PTH                                       260       1       1       0   .abs_section_260
     _PTIH                                      261       1       1       0   .abs_section_261
     _DDRH                                      262       1       1       0   .abs_section_262
     _RDRH                                      263       1       1       0   .abs_section_263
     _PERH                                      264       1       1       0   .abs_section_264
     _PPSH                                      265       1       1       0   .abs_section_265
     _PIEH                                      266       1       1       0   .abs_section_266
     _PIFH                                      267       1       1       0   .abs_section_267
     _PTJ                                       268       1       1       0   .abs_section_268
     _PTIJ                                      269       1       1       0   .abs_section_269
     _DDRJ                                      26A       1       1       0   .abs_section_26a
     _RDRJ                                      26B       1       1       0   .abs_section_26b
     _PERJ                                      26C       1       1       0   .abs_section_26c
     _PPSJ                                      26D       1       1       0   .abs_section_26d
     _PIEJ                                      26E       1       1       0   .abs_section_26e
     _PIFJ                                      26F       1       1       0   .abs_section_26f
     _ATD0STAT0                                 2C6       1       1       1   .abs_section_2c6
     _VREGHTCL                                  2F0       1       1       0   .abs_section_2f0
     _VREGCTRL                                  2F1       1       1       0   .abs_section_2f1
     _VREGAPICL                                 2F2       1       1       0   .abs_section_2f2
     _VREGAPITR                                 2F3       1       1       0   .abs_section_2f3
     _VREGHTTR                                  2F7       1       1       0   .abs_section_2f7
     _PWME                                      300       1       1       6   .abs_section_300
     _PWMPOL                                    301       1       1       1   .abs_section_301
     _PWMCLK                                    302       1       1       5   .abs_section_302
     _PWMPRCLK                                  303       1       1       1   .abs_section_303
     _PWMCAE                                    304       1       1       1   .abs_section_304
     _PWMCTL                                    305       1       1       1   .abs_section_305
     _PWMSCLA                                   308       1       1       1   .abs_section_308
     _PWMSCLB                                   309       1       1       1   .abs_section_309
     _PWMSDN                                    324       1       1       0   .abs_section_324
     _PITCFLMT                                  340       1       1       2   .abs_section_340
     _PITFLT                                    341       1       1       0   .abs_section_341
     _PITCE                                     342       1       1       6   .abs_section_342
     _PITMUX                                    343       1       1       2   .abs_section_343
     _PITINTE                                   344       1       1       2   .abs_section_344
     _PITTF                                     345       1       1       0   .abs_section_345
     _PITMTLD0                                  346       1       1       1   .abs_section_346
     _PITMTLD1                                  347       1       1       1   .abs_section_347
     _PORTAB                                      0       2       2      18   .abs_section_0
     _DDRAB                                       2       2       2       2   .abs_section_2
     _PARTID                                     1A       2       2       0   .abs_section_1a
     _DBGTB                                      24       2       2       0   .abs_section_24
     _TCNT                                       44       2       2       0   .abs_section_44
     _TC0                                        50       2       2       0   .abs_section_50
     _TC1                                        52       2       2       0   .abs_section_52
     _TC2                                        54       2       2       0   .abs_section_54
     _TC3                                        56       2       2       0   .abs_section_56
     _TC4                                        58       2       2       0   .abs_section_58
     _TC5                                        5A       2       2       0   .abs_section_5a
     _TC6                                        5C       2       2       0   .abs_section_5c
     _TC7                                        5E       2       2       0   .abs_section_5e
     _PACNT                                      62       2       2       3   .abs_section_62
     _SCI0BD                                     C8       2       2       1   .abs_section_c8
     _SCI1BD                                     D0       2       2       0   .abs_section_d0
     _SPI0DR                                     DC       2       2       0   .abs_section_dc
     _FCCOB                                     10A       2       2       0   .abs_section_10a
     _FECCR                                     10E       2       2       0   .abs_section_10e
     _CAN0RXTSR                                 16E       2       2       0   .abs_section_16e
     _CAN0TXTSR                                 17E       2       2       0   .abs_section_17e
     _PT01AD0                                   270       2       2       0   .abs_section_270
     _DDR01AD0                                  272       2       2       0   .abs_section_272
     _RDR01AD0                                  274       2       2       0   .abs_section_274
     _PER01AD0                                  276       2       2       0   .abs_section_276
     _ATD0CTL01                                 2C0       2       2       1   .abs_section_2c0
     _ATD0CTL23                                 2C2       2       2       3   .abs_section_2c2
     _ATD0CTL45                                 2C4       2       2       3   .abs_section_2c4
     _ATD0CMPE                                  2C8       2       2       0   .abs_section_2c8
     _ATD0STAT2                                 2CA       2       2       0   .abs_section_2ca
     _ATD0DIEN                                  2CC       2       2       1   .abs_section_2cc
     _ATD0CMPHT                                 2CE       2       2       0   .abs_section_2ce
     _ATD0DR0                                   2D0       2       2       1   .abs_section_2d0
     _ATD0DR1                                   2D2       2       2       0   .abs_section_2d2
     _ATD0DR2                                   2D4       2       2       0   .abs_section_2d4
     _ATD0DR3                                   2D6       2       2       0   .abs_section_2d6
     _ATD0DR4                                   2D8       2       2       0   .abs_section_2d8
     _ATD0DR5                                   2DA       2       2       0   .abs_section_2da
     _ATD0DR6                                   2DC       2       2       0   .abs_section_2dc
     _ATD0DR7                                   2DE       2       2       0   .abs_section_2de
     _ATD0DR8                                   2E0       2       2       0   .abs_section_2e0
     _ATD0DR9                                   2E2       2       2       0   .abs_section_2e2
     _ATD0DR10                                  2E4       2       2       0   .abs_section_2e4
     _ATD0DR11                                  2E6       2       2       0   .abs_section_2e6
     _ATD0DR12                                  2E8       2       2       0   .abs_section_2e8
     _ATD0DR13                                  2EA       2       2       0   .abs_section_2ea
     _ATD0DR14                                  2EC       2       2       0   .abs_section_2ec
     _ATD0DR15                                  2EE       2       2       0   .abs_section_2ee
     _VREGAPIR                                  2F4       2       2       0   .abs_section_2f4
     _PWMCNT01                                  30C       2       2       0   .abs_section_30c
     _PWMCNT23                                  30E       2       2       0   .abs_section_30e
     _PWMCNT45                                  310       2       2       0   .abs_section_310
     _PWMCNT67                                  312       2       2       0   .abs_section_312
     _PWMPER01                                  314       2       2       1   .abs_section_314
     _PWMPER23                                  316       2       2       1   .abs_section_316
     _PWMPER45                                  318       2       2       1   .abs_section_318
     _PWMPER67                                  31A       2       2       2   .abs_section_31a
     _PWMDTY01                                  31C       2       2       3   .abs_section_31c
     _PWMDTY23                                  31E       2       2       9   .abs_section_31e
     _PWMDTY45                                  320       2       2       6   .abs_section_320
     _PWMDTY67                                  322       2       2       4   .abs_section_322
     _PITLD0                                    348       2       2       1   .abs_section_348
     _PITCNT0                                   34A       2       2       0   .abs_section_34a
     _PITLD1                                    34C       2       2       1   .abs_section_34c
     _PITCNT1                                   34E       2       2       0   .abs_section_34e
     _PITLD2                                    350       2       2       0   .abs_section_350
     _PITCNT2                                   352       2       2       0   .abs_section_352
     _PITLD3                                    354       2       2       0   .abs_section_354
     _PITCNT3                                   356       2       2       0   .abs_section_356
MODULE:                 -- main.c.o --
- PROCEDURES:
     SetBusCLK_40M                           FE8000      1A      26       2   .text       
     delayms                                 FE801A      25      37       2   .text       
     delayMS                                 FE803F       9       9       2   .text       
     aabs                                    FE8048       E      14      12   .text       
     PWM_Init                                FE8056      7D     125       2   .text       
     Tect_Speed_Init                         FE80D3       C      12       2   .text       
     LIGHT_Init                              FE80DF       8       8       2   .text       
     PITInit                                 FE80E7      37      55       2   .text       
     Light_Up                                FE811E     139     313      14   .text       
     AD_Init                                 FE8257      1B      27       2   .text       
     ReadATD                                 FE8272      3A      58       6   .text       
     Collect_IR                              FE82AC      52      82       2   .text       
     IR_num                                  FE82FE      19      25       2   .text       
     IR_Status_Judge                         FE8317      5E      94       2   .text       
     Clear_baitou                            FE8375      14      20       2   .text       
     baitou                                  FE8389     9A9    2473     227   .text       
     Clear_General                           FE8D32      36      54       2   .text       
     dajiao                                  FE8D68      A0     160       2   .text       
     SpeedCtrl                               FE8E08     1EF     495      10   .text       
     Confirm_Start                           FE8FF7      CD     205       2   .text       
     Confirm_Light                           FE90C4     158     344       4   .text       
     General_Position                        FE921C      23      35       2   .text       
     calculate_light                         FE923F      24      36       8   .text       
     Laser_num                               FE9263      15      21       2   .text       
     Status_Judge                            FE9278      2E      46       2   .text       
     Clear_Speed                             FE92A6      42      66       2   .text       
     SCI_RXD                                 FE92E8       A      10       2   .text       
     SCISend                                 FE92F2      22      34       6   .text       
     SCISend_chars                           FE9314      20      32       2   .text       
     SCI_Init                                FE9334       D      13       2   .text       
     SCI_REC_chuli                           FE9341     25E     606      37   .text       
     SCI_REC_NOW                             FE959F      8D     141       2   .text       
     main                                    FE962C      31      49       2   .text       
     Rx_SCI                                    C186      6C     108       1   NON_BANKED  
     PIT0_ISR                                  C1F2      64     100       1   NON_BANKED  
     PIT1_ISR                                  C256      1A      26       1   NON_BANKED  
- VARIABLES:
     STRING...7                                C0ED       2       2       1   .rodata1    
     STRING...8                                C0EF       2       2       1   .rodata1    
     STRING...9                                C0F1       2       2       1   .rodata1    
     STRING...10                               C0F3       2       2       1   .rodata1    
     STRING...11                               C0F5       2       2       1   .rodata1    
     STRING...12                               C0F7       2       2       1   .rodata1    
     STRING...13                               C0F9       2       2       1   .rodata1    
     STRING...14                               C0FB       2       2       1   .rodata1    
     STRING...15                               C0FD       2       2       1   .rodata1    
     STRING...16                               C0FF       2       2       1   .rodata1    
     STRING...17                               C101       2       2       1   .rodata1    
     STRING...18                               C103       2       2       1   .rodata1    
     STRING...19                               C105       2       2       1   .rodata1    
     STRING...20                               C107       2       2       1   .rodata1    
     STRING...21                               C109       2       2       1   .rodata1    
     STRING...22                               C10B       2       2       1   .rodata1    
     STRING...23                               C10D       2       2       1   .rodata1    
     STRING...24                               C10F       2       2       1   .rodata1    
     STRING...25                               C111       2       2       1   .rodata1    
     STRING...26                               C113       2       2       1   .rodata1    
     STRING...27                               C115       2       2       1   .rodata1    
     STRING...28                               C117       2       2       1   .rodata1    
     STRING...29                               C119       2       2       1   .rodata1    
     STRING.BP2.....2d...2d...2d.30            C11B      33      51       1   .rodata1    
     STRING.BP1.....2d...2d...2d.31            C14E      38      56       1   .rodata1    
     B1P1                                      2100       1       1      10   .data       
     B1P2                                      2101       1       1      10   .data       
     B1P3                                      2102       1       1      10   .data       
     B1P4                                      2103       1       1      10   .data       
     B1P5                                      2104       1       1      10   .data       
     B1P6                                      2105       1       1      10   .data       
     B1P7                                      2106       1       1      10   .data       
     B1P8                                      2107       1       1      10   .data       
     B1P9                                      2108       1       1      10   .data       
     B1P10                                     2109       1       1       9   .data       
     B1P11                                     210A       1       1       5   .data       
     B1P12                                     210B       1       1       5   .data       
     B1P13                                     210C       1       1       3   .data       
     B1P14                                     210D       1       1       2   .data       
     B2P1                                      210E       1       1       6   .data       
     B2P2                                      210F       1       1       6   .data       
     B2P3                                      2110       1       1       6   .data       
     B2P4                                      2111       1       1       6   .data       
     B2P5                                      2112       1       1       5   .data       
     B2P6                                      2113       1       1       4   .data       
     B2P7                                      2114       1       1       1   .data       
     B2P8                                      2115       1       1       1   .data       
     B2P9                                      2116       1       1       1   .data       
     Straight_flag                             2117       1       1       4   .data       
     change_JG_DJ_array                        2118      52      82       1   .data       
     baitou_delay                              216A       2       2       3   .data       
     Kp                                        216C       4       4       6   .data       
     test_info_send                            2170       1       1       2   .data       
     maybe_slope_flag                          2171       1       1       3   .bss        
     maybe_special_flag                        2172       1       1       5   .bss        
     start_flag                                2173       1       1       3   .bss        
     slope_flag                                2174       1       1       5   .bss        
     slope_count                               2175       1       1       3   .bss        
     maybe_count                               2176       1       1       4   .bss        
     IR_position                               2177       2       2       3   .bss        
     His_IR_pos                                2179       2       2       2   .bss        
     nothing_flag                              217B       1       1       3   .bss        
     turn_flag                                 217C       1       1       5   .bss        
     diansha_falg                              217D       1       1       1   .bss        
     Ki                                        217E       4       4       2   .bss        
     Kd                                        2182       4       4       6   .bss        
     error0                                    2186       2       2       2   .bss        
     error1                                    2188       2       2       1   .bss        
     error2                                    218A       2       2       1   .bss        
     SCI_i                                     218C       2       2       6   .bss        
     _Vector_20                                FFD6       2       2       0   .abs_section_ffd6
     _Vector_66                                FF7A       2       2       0   .abs_section_ff7a
     _Vector_67                                FF78       2       2       0   .abs_section_ff78
     baitou_begin                              2197       1       1       4   .common     
     get_flag                                  2198       1       1       7   .common     
     side                                      2199       2       2       5   .common     
     side_baipwm                               219B       1       1       4   .common     
     SCIreceive                                219C      96     150       3   .common     
     light_temp_laser_array                    2232      15      21      24   .common     
     light_count                               2247       2       2       5   .common     
     error                                     2249      15      21      20   .common     
     speedaffect1                              225E       4       4       2   .common     
     speedaffect2                              2262       4       4       3   .common     
     speedaffect3                              2266       4       4       4   .common     
     q_temp_laser_num                          226A      2A      42       2   .common     
     position                                  2294       2       2      17   .common     
     IR_temp_laser_array                       2296       7       7       9   .common     
     q_temp_ir_num                             229D       7       7       1   .common     
     HitBlackNum                               22A4       2       2       8   .common     
     His_HitBlackNum                           22A6       2       2       1   .common     
     baitou_diff                               22A8       4       4      10   .common     
     befo_General_pos                          22AC       2       2       3   .common     
     General_pos                               22AE       4       4       6   .common     
     baitoupwm                                 22B2       2       2       4   .common     
     speedinfo                                 22B4       2       2       2   .common     
     JG_clear                                  22B6       4       4       5   .common     
     JG_clear_Pos                              22BA       4       4      32   .common     
     speed_begian                              22BE       1       1       1   .common     
     speed_clear                               22BF       8       8      15   .common     
     daozhuan_flag                             22C7       1       1       1   .common     
     SCI_BP                                    22C8       2       2       3   .common     
     SCI_PWMDTY                                22CA       2       2       3   .common     
MODULE:                 -- Start12.c.o --
- PROCEDURES:
     Init                                    FE965D      29      41       2   .text       
     _Startup                                  C000       F      15       0   .init       
- VARIABLES:
     _startupData                              C00F       6       6       3   .startData  
- LABELS:
     __SEG_END_SSTACK                          2100       0       0       1               
MODULE:                 -- CTYPE.C.o (ansixb.lib) --
- PROCEDURES:
     isdigit                                 FE9686       E      14       2   .text       
     isspace                                 FE9694      17      23       4   .text       
     toupper                                 FE96AB      14      20       4   .text       
- VARIABLES:
MODULE:                 -- PRINTF.C.o (ansixb.lib) --
- PROCEDURES:
     Ten                                     FE96BF      AC     172       5   .text       
     vprintf                                 FE976B     8D8    2264     121   .text       
     _out                                    FEA043       9       9       2   .text       
     deposit_char                            FEA04C       A      10       3   .text       
     sprintf                                 FEA056      2D      45       4   .text       
- VARIABLES:
     pow10                                     C019      28      40       4   .rodata     
     pow16                                     C041      20      32       4   .rodata     
     pow8                                      C061      2C      44       4   .rodata     
     fpow10                                    C08D      30      48       1   .rodata     
     fpow_10                                   C0BD      30      48       1   .rodata     
     pbuf                                      218E       7       7      15   .bss        
MODULE:                 -- STDLIB.C.o (ansixb.lib) --
- PROCEDURES:
     CheckCharWithBase                       FEA083      3A      58       2   .text       
     _strtoul                                FEA0BD     15C     348      10   .text       
     _strtol                                 FEA219      D2     210       4   .text       
     strtol                                  FEA2EB      14      20       4   .text       
- VARIABLES:
MODULE:                 -- STRING.C.o (ansixb.lib) --
- PROCEDURES:
     strtok                                  FEA2FF      5E      94      46   .text       
- VARIABLES:
     next.2                                    2195       2       2       8   .bss        
MODULE:                 -- FADD.C.o (ansixb.lib) --
- PROCEDURES:
     F_ADDKL                                   C270      5E      94       1   NON_BANKED  
     _FADD                                     C2CE      15      21      12   NON_BANKED  
     _FSUB                                     C2E3      13      19       2   NON_BANKED  
     _FNEG                                     C2F6       B      11       1   NON_BANKED  
- VARIABLES:
MODULE:                 -- FANSI.C.o (ansixb.lib) --
- PROCEDURES:
     F_FREXP                                   C301      1F      31       1   NON_BANKED  
     frexpf                                    C320      19      25       1   NON_BANKED  
- VARIABLES:
MODULE:                 -- FCMP.C.o (ansixb.lib) --
- PROCEDURES:
     _FCMP                                     C339      26      38       5   NON_BANKED  
- VARIABLES:
MODULE:                 -- FCONV.C.o (ansixb.lib) --
- PROCEDURES:
     F_TOLONGK                                 C35F      32      50       1   NON_BANKED  
     F_FRLONGK                                 C391      1E      30       2   NON_BANKED  
     _FSFLOAT                                  C3AF      12      18       4   NON_BANKED  
     _FUFLOAT                                  C3C1      12      18       2   NON_BANKED  
     _FSTRUNC                                  C3D3      11      17       3   NON_BANKED  
     _FUTRUNC                                  C3E4       3       3       3   NON_BANKED  
- VARIABLES:
MODULE:                 -- FMUL.C.o (ansixb.lib) --
- PROCEDURES:
     F_MULKL                                   C3E7      57      87       1   NON_BANKED  
     _FMUL                                     C43E      14      20      16   NON_BANKED  
- VARIABLES:
MODULE:                 -- FREGS.C.o (ansixb.lib) --
- PROCEDURES:
     F_PULK                                    C452      15      21       3   NON_BANKED  
     F_PULL                                    C467      15      21       3   NON_BANKED  
     F_PSHK                                    C47C      13      19       5   NON_BANKED  
     F_TLK                                     C48F       D      13       1   NON_BANKED  
     F_XGKL                                    C49C      21      33       2   NON_BANKED  
     F_CLRK                                    C4BD       B      11       2   NON_BANKED  
     F_MAXK                                    C4C8       9       9       1   NON_BANKED  
     F_NORMK                                   C4D1      37      55       3   NON_BANKED  
- VARIABLES:
MODULE:                 -- rtshc12.c.o (ansixb.lib) --
- PROCEDURES:
     _BDIVMODU                                 C508       A      10       2   NON_BANKED  
     _BDIVMODS                                 C512       B      11       3   NON_BANKED  
     _LNEG                                     C51D       9       9       4   NON_BANKED  
     _LMULS16x32                               C526      1C      28       3   NON_BANKED  
     _lDivMod                                  C542      B9     185       4   NON_BANKED  
     _LDIVU                                    C5FB       E      14       2   NON_BANKED  
     _NEG_P                                    C609       C      12       5   NON_BANKED  
     _LDIVS                                    C615      35      53       2   NON_BANKED  
     _LMODU                                    C64A      11      17       1   NON_BANKED  
     _CASE_DIRECT_BYTE                         C65B       5       5       1   NON_BANKED  
     _CASE_CHECKED_BYTE                        C660      14      20       1   NON_BANKED  
     _CASE_SEARCH_8                            C674      17      23       1   NON_BANKED  
     _CASE_SEARCH_8_BYTE                       C68B      1A      26       2   NON_BANKED  
- VARIABLES:
     errno                                     22CC       2       2       2   .common     
MODULE:                 -- VREGS.C.o (ansixb.lib) --
- PROCEDURES:
     L_NEGK                                    C6A5       7       7       2   NON_BANKED  
     L_PSHK                                    C6AC       8       8       1   NON_BANKED  
     UL_PULK                                   C6B4       3       3       1   NON_BANKED  
     SL_PULK                                   C6B7       A      10       1   NON_BANKED  
- VARIABLES:

*********************************************************************************************
MODULE STATISTIC
  Name                                      Data   Code  Const
---------------------------------------------------------------------------------------------
  MC9S12XS128.c.o                            360      0      0
  main.c.o                                   451   5959    159
  Start12.c.o                                  0     56      0
  CTYPE.C.o (ansixb.lib)                       0     57      0
  PRINTF.C.o (ansixb.lib)                      7   2500    212
  STDLIB.C.o (ansixb.lib)                      0    636      0
  STRING.C.o (ansixb.lib)                      2     94      0
  FADD.C.o (ansixb.lib)                        0    145      0
  FANSI.C.o (ansixb.lib)                       0     56      0
  FCMP.C.o (ansixb.lib)                        0     38      0
  FCONV.C.o (ansixb.lib)                       0    136      0
  FMUL.C.o (ansixb.lib)                        0    107      0
  FREGS.C.o (ansixb.lib)                       0    182      0
  rtshc12.c.o (ansixb.lib)                     2    413      0
  VREGS.C.o (ansixb.lib)                       0     28      0
  other                                      256     12    119

*********************************************************************************************
SECTION USE IN OBJECT-ALLOCATION SECTION
---------------------------------------------------------------------------------------------
SECTION: ".text"
  SetBusCLK_40M delayms delayMS aabs PWM_Init Tect_Speed_Init LIGHT_Init 
  PITInit Light_Up AD_Init ReadATD Collect_IR IR_num IR_Status_Judge 
  Clear_baitou baitou Clear_General dajiao SpeedCtrl Confirm_Start 
  Confirm_Light General_Position calculate_light Laser_num Status_Judge 
  Clear_Speed SCI_RXD SCISend SCISend_chars SCI_Init SCI_REC_chuli SCI_REC_NOW 
  main Init isdigit isspace toupper Ten vprintf _out deposit_char sprintf 
  CheckCharWithBase _strtoul _strtol strtol strtok 
SECTION: ".data"
  B1P1 B1P2 B1P3 B1P4 B1P5 B1P6 B1P7 B1P8 B1P9 B1P10 B1P11 B1P12 B1P13 B1P14 
  B2P1 B2P2 B2P3 B2P4 B2P5 B2P6 B2P7 B2P8 B2P9 Straight_flag change_JG_DJ_array 
  baitou_delay Kp test_info_send 
SECTION: ".bss"
  maybe_slope_flag maybe_special_flag start_flag slope_flag slope_count 
  maybe_count IR_position His_IR_pos nothing_flag turn_flag diansha_falg Ki Kd 
  error0 error1 error2 SCI_i pbuf next.2 
SECTION: ".init"
  _Startup 
SECTION: ".rodata"
  pow10 pow16 pow8 fpow10 fpow_10 
SECTION: ".rodata1"
  STRING...7 STRING...8 STRING...9 STRING...10 STRING...11 STRING...12 
  STRING...13 STRING...14 STRING...15 STRING...16 STRING...17 STRING...18 
  STRING...19 STRING...20 STRING...21 STRING...22 STRING...23 STRING...24 
  STRING...25 STRING...26 STRING...27 STRING...28 STRING...29 
  STRING.BP2.....2d...2d...2d.30 STRING.BP1.....2d...2d...2d.31 
SECTION: "NON_BANKED"
  Rx_SCI PIT0_ISR PIT1_ISR F_ADDKL _FADD _FSUB _FNEG F_FREXP frexpf _FCMP 
  F_TOLONGK F_FRLONGK _FSFLOAT _FUFLOAT _FSTRUNC _FUTRUNC F_MULKL _FMUL F_PULK 
  F_PULL F_PSHK F_TLK F_XGKL F_CLRK F_MAXK F_NORMK _BDIVMODU _BDIVMODS _LNEG 
  _LMULS16x32 _lDivMod _LDIVU _NEG_P _LDIVS _LMODU _CASE_DIRECT_BYTE 
  _CASE_CHECKED_BYTE _CASE_SEARCH_8 _CASE_SEARCH_8_BYTE L_NEGK L_PSHK UL_PULK 
  SL_PULK 
SECTION: ".abs_section_8"
  _PORTE 
SECTION: ".abs_section_9"
  _DDRE 
SECTION: ".abs_section_b"
  _MODE 
SECTION: ".abs_section_c"
  _PUCR 
SECTION: ".abs_section_d"
  _RDRIV 
SECTION: ".abs_section_10"
  _GPAGE 
SECTION: ".abs_section_11"
  _DIRECT 
SECTION: ".abs_section_13"
  _MMCCTL1 
SECTION: ".abs_section_15"
  _PPAGE 
SECTION: ".abs_section_16"
  _RPAGE 
SECTION: ".abs_section_17"
  _EPAGE 
SECTION: ".abs_section_1c"
  _ECLKCTL 
SECTION: ".abs_section_1e"
  _IRQCR 
SECTION: ".abs_section_20"
  _DBGC1 
SECTION: ".abs_section_21"
  _DBGSR 
SECTION: ".abs_section_22"
  _DBGTCR 
SECTION: ".abs_section_23"
  _DBGC2 
SECTION: ".abs_section_26"
  _DBGCNT 
SECTION: ".abs_section_27"
  _DBGSCRX 
SECTION: ".abs_section_28"
  _DBGXCTL 
SECTION: ".abs_section_29"
  _DBGXAH 
SECTION: ".abs_section_2a"
  _DBGXAM 
SECTION: ".abs_section_2b"
  _DBGXAL 
SECTION: ".abs_section_2c"
  _DBGXDH 
SECTION: ".abs_section_2d"
  _DBGXDL 
SECTION: ".abs_section_2e"
  _DBGXDHM 
SECTION: ".abs_section_2f"
  _DBGXDLM 
SECTION: ".abs_section_32"
  _PORTK 
SECTION: ".abs_section_33"
  _DDRK 
SECTION: ".abs_section_34"
  _SYNR 
SECTION: ".abs_section_35"
  _REFDV 
SECTION: ".abs_section_36"
  _POSTDIV 
SECTION: ".abs_section_37"
  _CRGFLG 
SECTION: ".abs_section_38"
  _CRGINT 
SECTION: ".abs_section_39"
  _CLKSEL 
SECTION: ".abs_section_3a"
  _PLLCTL 
SECTION: ".abs_section_3b"
  _RTICTL 
SECTION: ".abs_section_3c"
  _COPCTL 
SECTION: ".abs_section_3f"
  _ARMCOP 
[...]

*********************************************************************************************
COPYDOWN SECTION
---------------------------------------------------------------------------------------------
------- ROM-ADDRESS: 0xC6C1 ---- SIZE       4 ---
Filling bytes inserted
 00712100
------- ROM-ADDRESS: 0xC6C5 ---- RAM-ADDRESS: 0x2100 ---- SIZE       1 ---
Name of initialized Object : B1P1
 1E
------- ROM-ADDRESS: 0xC6C6 ---- RAM-ADDRESS: 0x2101 ---- SIZE       1 ---
Name of initialized Object : B1P2
 1C
------- ROM-ADDRESS: 0xC6C7 ---- RAM-ADDRESS: 0x2102 ---- SIZE       1 ---
Name of initialized Object : B1P3
 1A
------- ROM-ADDRESS: 0xC6C8 ---- RAM-ADDRESS: 0x2103 ---- SIZE       1 ---
Name of initialized Object : B1P4
 19
------- ROM-ADDRESS: 0xC6C9 ---- RAM-ADDRESS: 0x2104 ---- SIZE       1 ---
Name of initialized Object : B1P5
 19
------- ROM-ADDRESS: 0xC6CA ---- RAM-ADDRESS: 0x2105 ---- SIZE       1 ---
Name of initialized Object : B1P6
 17
------- ROM-ADDRESS: 0xC6CB ---- RAM-ADDRESS: 0x2106 ---- SIZE       1 ---
Name of initialized Object : B1P7
 17
------- ROM-ADDRESS: 0xC6CC ---- RAM-ADDRESS: 0x2107 ---- SIZE       1 ---
Name of initialized Object : B1P8
 17
------- ROM-ADDRESS: 0xC6CD ---- RAM-ADDRESS: 0x2108 ---- SIZE       1 ---
Name of initialized Object : B1P9
 16
------- ROM-ADDRESS: 0xC6CE ---- RAM-ADDRESS: 0x2109 ---- SIZE       1 ---
Name of initialized Object : B1P10
 14
------- ROM-ADDRESS: 0xC6CF ---- RAM-ADDRESS: 0x210A ---- SIZE       1 ---
Name of initialized Object : B1P11
 12
------- ROM-ADDRESS: 0xC6D0 ---- RAM-ADDRESS: 0x210B ---- SIZE       1 ---
Name of initialized Object : B1P12
 11
------- ROM-ADDRESS: 0xC6D1 ---- RAM-ADDRESS: 0x210C ---- SIZE       1 ---
Name of initialized Object : B1P13
 11
------- ROM-ADDRESS: 0xC6D2 ---- RAM-ADDRESS: 0x210D ---- SIZE       1 ---
Name of initialized Object : B1P14
 10
------- ROM-ADDRESS: 0xC6D3 ---- RAM-ADDRESS: 0x210E ---- SIZE       1 ---
Name of initialized Object : B2P1
 09
------- ROM-ADDRESS: 0xC6D4 ---- RAM-ADDRESS: 0x210F ---- SIZE       1 ---
Name of initialized Object : B2P2
 08
------- ROM-ADDRESS: 0xC6D5 ---- RAM-ADDRESS: 0x2110 ---- SIZE       1 ---
Name of initialized Object : B2P3
 07
------- ROM-ADDRESS: 0xC6D6 ---- RAM-ADDRESS: 0x2111 ---- SIZE       1 ---
Name of initialized Object : B2P4
 07
------- ROM-ADDRESS: 0xC6D7 ---- RAM-ADDRESS: 0x2112 ---- SIZE       1 ---
Name of initialized Object : B2P5
 07
------- ROM-ADDRESS: 0xC6D8 ---- RAM-ADDRESS: 0x2113 ---- SIZE       1 ---
Name of initialized Object : B2P6
 07
------- ROM-ADDRESS: 0xC6D9 ---- RAM-ADDRESS: 0x2114 ---- SIZE       1 ---
Name of initialized Object : B2P7
 08
------- ROM-ADDRESS: 0xC6DA ---- RAM-ADDRESS: 0x2115 ---- SIZE       1 ---
Name of initialized Object : B2P8
 07
------- ROM-ADDRESS: 0xC6DB ---- RAM-ADDRESS: 0x2116 ---- SIZE       1 ---
Name of initialized Object : B2P9
 07
------- ROM-ADDRESS: 0xC6DC ---- RAM-ADDRESS: 0x2117 ---- SIZE       1 ---
Name of initialized Object : Straight_flag
 01
------- ROM-ADDRESS: 0xC6DD ---- SIZE       1 ---
Filling bytes inserted
 00
------- ROM-ADDRESS: 0xC6DE ---- RAM-ADDRESS: 0x2119 ---- SIZE      81 ---
Name of initialized Object : change_JG_DJ_array:1
 8D00830077 0073006D00 6700600059
 0053004E00 4700420038 0035002E00
 290023001E 0012000600 00FFFAFFEE
 FFE2FFDDFF D7FFD2FFCB FFC8FFBEFF
 B9FFB2FFAD FFA7FFA0FF 99FF93FF8D
 FF89FF7DFF 73
------- ROM-ADDRESS: 0xC72F ---- SIZE       1 ---
Filling bytes inserted
 00
------- ROM-ADDRESS: 0xC730 ---- RAM-ADDRESS: 0x216B ---- SIZE       1 ---
Name of initialized Object : baitou_delay:1
 01
------- ROM-ADDRESS: 0xC731 ---- RAM-ADDRESS: 0x216C ---- SIZE       2 ---
Name of initialized Object : Kp
 4090
------- ROM-ADDRESS: 0xC733 ---- SIZE       2 ---
Filling bytes inserted
 0000
------- ROM-ADDRESS: 0xC735 ---- RAM-ADDRESS: 0x2170 ---- SIZE       1 ---
Name of initialized Object : test_info_send
 01
------- ROM-ADDRESS: 0xC736 ---- SIZE       2 ---
Filling bytes inserted
 0000

*********************************************************************************************
OBJECT-DEPENDENCIES SECTION
---------------------------------------------------------------------------------------------
_Startup                  USES __SEG_END_SSTACK Init main 
Rx_SCI                    USES test_info_send SCI_i SCI_RXD SCIreceive 
                                _CASE_SEARCH_8_BYTE SCI_REC_NOW SCI_REC_chuli 
PIT0_ISR                  USES _PITCE Light_Up Collect_IR IR_Status_Judge 
                                Confirm_Light General_Position nothing_flag 
                                maybe_special_flag Clear_baitou baitou_delay baitou JG_clear 
                                Clear_General slope_flag dajiao Clear_Speed start_flag 
                                SpeedCtrl 
PIT1_ISR                  USES _PITCE _PACNT speed_clear speed_begian 
F_ADDKL                   USES F_XGKL F_NORMK 
_FADD                     USES F_PULK F_PULL F_ADDKL F_PSHK 
_FSUB                     USES _FADD 
F_FREXP                   USES F_NORMK 
frexpf                    USES F_PULL F_TLK F_FREXP F_PSHK 
_FSFLOAT                  USES SL_PULK F_FRLONGK F_PSHK 
_FUFLOAT                  USES UL_PULK F_FRLONGK F_PSHK 
_FSTRUNC                  USES F_PULK F_TOLONGK L_PSHK 
_FUTRUNC                  USES _FSTRUNC 
F_MULKL                   USES F_CLRK F_NORMK 
_FMUL                     USES F_PULK F_PULL F_MULKL F_PSHK 
F_MAXK                    USES F_CLRK 
F_NORMK                   USES F_MAXK 
_LMULS16x32               USES _LNEG 
_LDIVU                    USES _lDivMod 
_LDIVS                    USES _NEG_P _lDivMod 
_LMODU                    USES _lDivMod 
L_NEGK                    USES _NEG_P 
L_PSHK                    USES L_NEGK 
SL_PULK                   USES L_NEGK 
_Vector_67                USES PIT1_ISR 
_Vector_66                USES PIT0_ISR 
_Vector_20                USES Rx_SCI 
SetBusCLK_40M             USES _CLKSEL _PLLCTL _SYNR _REFDV _POSTDIV _CRGFLG 
aabs                      USES _LNEG 
PWM_Init                  USES _PWME _PWMCAE _PWMPOL _PWMCTL _PWMPRCLK 
                                _PWMSCLA _PWMSCLB _PWMCLK _PWMPER01 _PWMPER23 _PWMPER45 
                                _PWMPER67 _PWMDTY01 _PWMDTY23 _PWMDTY45 _PWMDTY67 
Tect_Speed_Init           USES _TSCR1 _PACTL _PACNT 
LIGHT_Init                USES _DDRAB 
PITInit                   USES _PITCFLMT _PITCE _PITMUX _PITMTLD0 _PITLD0 
                                _PITINTE _PITMTLD1 _PITLD1 
Light_Up                  USES light_count Light_Up _PORTAB 
                                light_temp_laser_array delayMS 
AD_Init                   USES _ATD0CTL01 _ATD0CTL23 _ATD0CTL45 _ATD0DIEN 
ReadATD                   USES _ATD0CTL23 _CASE_CHECKED_BYTE _ATD0CTL45 
                                _ATD0STAT0 _ATD0DR0 
Collect_IR                USES ReadATD IR_temp_laser_array 
IR_num                    USES q_temp_ir_num 
IR_Status_Judge           USES IR_temp_laser_array IR_position His_IR_pos aabs 
Clear_baitou              USES baitoupwm aabs position JG_clear 
baitou                    USES _PWMDTY45 baitou_diff baitou_begin get_flag 
                                side baitou position side_baipwm JG_clear 
                                JG_clear_Pos aabs B1P1 B1P2 B1P3 B1P4 B1P5 B1P6 B1P7 B1P8 
                                B1P9 B1P10 B2P1 B2P2 B2P3 B2P4 B2P5 B2P6 B1P11 
                                B1P12 B1P13 B1P14 _BDIVMODU 
Clear_General             USES befo_General_pos _FADD General_pos _FSFLOAT 
                                _FMUL 
dajiao                    USES baitoupwm speed_clear speedinfo speedaffect1 
                                speedaffect2 _LDIVS speedaffect3 turn_flag General_pos 
                                _FSFLOAT _FADD _FSTRUNC IR_position _PWMDTY01 
SpeedCtrl                 USES _PWMDTY23 _PORTAB _PWMDTY67 SpeedCtrl baitoupwm 
                                _FMUL _FADD speed_clear _FSFLOAT _FSUB _FSTRUNC 
                                error0 Ki Kd Kp error1 error2 _FCMP daozhuan_flag 
                                _FUFLOAT _FUTRUNC 
Confirm_Start             USES error start_flag 
Confirm_Light             USES befo_General_pos baitoupwm aabs position 
                                HitBlackNum slope_flag calculate_light maybe_special_flag 
                                maybe_slope_flag Confirm_Light Confirm_Start error maybe_count 
                                slope_count _BDIVMODU nothing_flag Status_Judge 
                                Straight_flag turn_flag diansha_falg light_temp_laser_array 
General_Position          USES position baitou_diff _PWMDTY45 
                                change_JG_DJ_array befo_General_pos 
calculate_light           USES HitBlackNum His_HitBlackNum 
                                light_temp_laser_array 
Laser_num                 USES q_temp_laser_num 
Status_Judge              USES HitBlackNum light_temp_laser_array 
                                q_temp_laser_num position 
Clear_Speed               USES speed_clear _LMULS16x32 _LDIVS 
SCI_RXD                   USES _SCI0SR1 _SCI0DRL 
SCISend                   USES _SCI0SR1 _SCI0DRL _SCI0DRH 
SCISend_chars             USES SCISend 
SCI_Init                  USES _SCI0ACR2 _SCI0CR2 _SCI0BD 
SCI_REC_chuli             USES STRING...7 strtok SCI_REC_chuli SCI_BP B1P1 
                                STRING...8 B1P2 STRING...9 B1P3 STRING...10 B1P4 
                                STRING...11 B1P5 STRING...12 B1P6 STRING...13 B1P7 
                                STRING...14 B1P8 STRING...15 B1P9 STRING...16 B1P10 
                                STRING...17 B1P11 STRING...18 B1P12 STRING...19 B1P13 
                                STRING...20 B1P14 STRING...21 B2P1 STRING...22 B2P2 
                                STRING...23 B2P3 STRING...24 B2P4 STRING...25 B2P5 
                                STRING...26 B2P6 STRING...27 SCI_PWMDTY _PWMDTY01 
                                STRING...28 _PWMDTY23 STRING...29 _PWMDTY45 strtol 
SCI_REC_NOW               USES SCISend B2P9 B2P8 B2P7 B2P6 B2P5 B2P4 B2P3 B2P2 
                                B2P1 STRING.BP2.....2d...2d...2d.30 sprintf B1P10 
                                B1P9 B1P8 B1P7 B1P6 B1P5 B1P4 B1P3 B1P2 B1P1 
                                STRING.BP1.....2d...2d...2d.31 SCISend_chars 
main                      USES SetBusCLK_40M PITInit PWM_Init LIGHT_Init 
                                SCI_Init Tect_Speed_Init AD_Init delayms Laser_num 
                                IR_num 
Init                      USES _startupData 
Ten                       USES fpow10 fpow_10 Ten _FMUL 
vprintf                   USES vprintf _CASE_SEARCH_8_BYTE _CASE_DIRECT_BYTE 
                                _CASE_SEARCH_8 pbuf _LNEG pow8 pow16 _FNEG frexpf _FMUL _FADD 
                                _BDIVMODS Ten pow10 _FUTRUNC _FUFLOAT _FSUB _LDIVU _FCMP 
                                _LMODU _out 
_out                      USES pbuf 
deposit_char              USES pbuf 
sprintf                   USES pbuf deposit_char vprintf 
CheckCharWithBase         USES toupper 
_strtoul                  USES _strtoul isspace _LDIVU _LMULS16x32 errno 
                                CheckCharWithBase toupper 
_strtol                   USES _strtol isspace isdigit _strtoul errno _LNEG 
strtol                    USES _strtol 
strtok                    USES next.2 

*********************************************************************************************
DEPENDENCY TREE
*********************************************************************************************
 main and _Startup Group
 | 
 +- main                
 |  | 
 |  +- SetBusCLK_40M       
 |  |    
 |  +- PITInit             
 |  |    
 |  +- PWM_Init            
 |  |    
 |  +- LIGHT_Init          
 |  |    
 |  +- SCI_Init            
 |  |    
 |  +- Tect_Speed_Init     
 |  |    
 |  +- AD_Init             
 |  |    
 |  +- delayms             
 |  |    
 |  +- Laser_num           
 |  |    
 |  +- IR_num              
 |       
 +- _Startup            
    | 
    +- Init                
    |    
    +- main                 (see above)
       
 _Vector_20          
 | 
 +- Rx_SCI              
    | 
    +- SCI_RXD             
    |    
    +- _CASE_SEARCH_8_BYTE 
    |    
    +- SCI_REC_NOW         
    |  | 
    |  +- SCISend             
    |  |    
    |  +- sprintf             
    |  |  | 
    |  |  +- deposit_char        
    |  |  |    
    |  |  +- vprintf             
    |  |     | 
    |  |     +- _CASE_SEARCH_8_BYTE  (see above)
    |  |     |  
    |  |     +- _CASE_DIRECT_BYTE   
    |  |     |    
    |  |     +- _CASE_SEARCH_8      
    |  |     |    
    |  |     +- _LNEG               
    |  |     |    
    |  |     +- _FNEG               
    |  |     |    
    |  |     +- frexpf              
    |  |     |  | 
    |  |     |  +- F_PULL              
    |  |     |  |    
    |  |     |  +- F_TLK               
    |  |     |  |    
    |  |     |  +- F_FREXP             
    |  |     |  |  | 
    |  |     |  |  +- F_NORMK             
    |  |     |  |     | 
    |  |     |  |     +- F_MAXK              
    |  |     |  |        | 
    |  |     |  |        +- F_CLRK              
    |  |     |  |             
    |  |     |  +- F_PSHK              
    |  |     |       
    |  |     +- _FMUL               
    |  |     |  | 
    |  |     |  +- F_PULK              
    |  |     |  |    
    |  |     |  +- F_PULL               (see above)
    |  |     |  |  
    |  |     |  +- F_MULKL             
    |  |     |  |  | 
    |  |     |  |  +- F_CLRK               (see above)
    |  |     |  |  |  
    |  |     |  |  +- F_NORMK              (see above)
    |  |     |  |     
    |  |     |  +- F_PSHK               (see above)
    |  |     |     
    |  |     +- _FADD               
    |  |     |  | 
    |  |     |  +- F_PULK               (see above)
    |  |     |  |  
    |  |     |  +- F_PULL               (see above)
    |  |     |  |  
    |  |     |  +- F_ADDKL             
    |  |     |  |  | 
    |  |     |  |  +- F_XGKL              
    |  |     |  |  |    
    |  |     |  |  +- F_NORMK              (see above)
    |  |     |  |     
    |  |     |  +- F_PSHK               (see above)
    |  |     |     
    |  |     +- _BDIVMODS           
    |  |     |    
    |  |     +- Ten                 
    |  |     |  | 
    |  |     |  +- _FMUL                (see above)
    |  |     |     
    |  |     +- _FUTRUNC            
    |  |     |  | 
    |  |     |  +- _FSTRUNC            
    |  |     |     | 
    |  |     |     +- F_PULK               (see above)
    |  |     |     |  
    |  |     |     +- F_TOLONGK           
    |  |     |     |    
    |  |     |     +- L_PSHK              
    |  |     |        | 
    |  |     |        +- L_NEGK              
    |  |     |           | 
    |  |     |           +- _NEG_P              
    |  |     |                
    |  |     +- _FUFLOAT            
    |  |     |  | 
    |  |     |  +- UL_PULK             
    |  |     |  |    
    |  |     |  +- F_FRLONGK           
    |  |     |  |    
    |  |     |  +- F_PSHK               (see above)
    |  |     |     
    |  |     +- _FSUB               
    |  |     |  | 
    |  |     |  +- _FADD                (see above)
    |  |     |     
    |  |     +- _LDIVU              
    |  |     |  | 
    |  |     |  +- _lDivMod            
    |  |     |       
    |  |     +- _FCMP               
    |  |     |    
    |  |     +- _LMODU              
    |  |     |  | 
    |  |     |  +- _lDivMod             (see above)
    |  |     |     
    |  |     +- _out                
    |  |          
    |  +- SCISend_chars       
    |     | 
    |     +- SCISend              (see above)
    |        
    +- SCI_REC_chuli       
       | 
       +- strtok              
       |    
       +- strtol              
          | 
          +- _strtol             
             | 
             +- isspace             
             |    
             +- isdigit             
             |    
             +- _strtoul            
             |  | 
             |  +- isspace              (see above)
             |  |  
             |  +- _LDIVU               (see above)
             |  |  
             |  +- _LMULS16x32         
             |  |  | 
             |  |  +- _LNEG                (see above)
             |  |     
             |  +- CheckCharWithBase   
             |  |  | 
             |  |  +- toupper             
             |  |       
             |  +- toupper              (see above)
             |     
             +- _LNEG                (see above)
                
 _Vector_66          
 | 
 +- PIT0_ISR            
    | 
    +- Light_Up            
    |  | 
    |  +- delayMS             
    |       
    +- Collect_IR          
    |  | 
    |  +- ReadATD             
    |     | 
    |     +- _CASE_CHECKED_BYTE  
    |          
    +- IR_Status_Judge     
    |  | 
    |  +- aabs                
    |     | 
    |     +- _LNEG                (see above)
    |        
    +- Confirm_Light       
    |  | 
    |  +- aabs                 (see above)
    |  |  
    |  +- calculate_light     
    |  |    
    |  +- Confirm_Start       
    |  |    
    |  +- _BDIVMODU           
    |  |    
    |  +- Status_Judge        
    |       
    +- General_Position    
    |    
    +- Clear_baitou        
    |  | 
    |  +- aabs                 (see above)
    |     
    +- baitou              
    |  | 
    |  +- aabs                 (see above)
    |  |  
    |  +- _BDIVMODU            (see above)
    |     
    +- Clear_General       
    |  | 
    |  +- _FADD                (see above)
    |  |  
    |  +- _FSFLOAT            
    |  |  | 
    |  |  +- SL_PULK             
    |  |  |  | 
    |  |  |  +- L_NEGK               (see above)
    |  |  |     
    |  |  +- F_FRLONGK            (see above)
    |  |  |  
    |  |  +- F_PSHK               (see above)
    |  |     
    |  +- _FMUL                (see above)
    |     
    +- dajiao              
    |  | 
    |  +- _LDIVS              
    |  |  | 
    |  |  +- _NEG_P               (see above)
    |  |  |  
    |  |  +- _lDivMod             (see above)
    |  |     
    |  +- _FSFLOAT             (see above)
    |  |  
    |  +- _FADD                (see above)
    |  |  
    |  +- _FSTRUNC             (see above)
    |     
    +- Clear_Speed         
    |  | 
    |  +- _LMULS16x32          (see above)
    |  |  
    |  +- _LDIVS               (see above)
    |     
    +- SpeedCtrl           
       | 
       +- _FMUL                (see above)
       |  
       +- _FADD                (see above)
       |  
       +- _FSFLOAT             (see above)
       |  
       +- _FSUB                (see above)
       |  
       +- _FSTRUNC             (see above)
       |  
       +- _FCMP                (see above)
       |  
       +- _FUFLOAT             (see above)
       |  
       +- _FUTRUNC             (see above)
          
 _Vector_67          
 | 
 +- PIT1_ISR            
      
*********************************************************************************************
STATISTIC SECTION
---------------------------------------------------------------------------------------------

ExeFile:
--------
Number of blocks to be downloaded: 10
Total size of all blocks to be downloaded: 10909

